[2026-06-06 21:56:40] 
[2026-06-06 21:56:40] === Pre-flight Checklist ==✈
[2026-06-06 21:56:40] [INFO] Device set to: cuda
[2026-06-06 21:57:12] [INFO] Dataset loaded. Training samples: 21 | Validation samples: 3
[2026-06-06 21:57:12] [INFO] MONAI 3D UNet Initialized. Total params: 4,822,057
[2026-06-06 21:57:12] [INFO] Criterion: MONAI DiceCELoss(to_onehot_y=True, softmax=True, include_background=False)
[2026-06-06 21:57:12] [INFO] Optimizer configured: AdamW (lr=0.0003, weight_decay=1e-5)
[2026-06-06 21:57:12] [INFO] Scheduler: ReduceLROnPlateau (factor=0.8, patience=5)
[2026-06-06 21:57:12] [INFO] Early Stopping configured. Patience: 12 epochs, max_epochs: 600
[2026-06-06 21:57:12] ============================
[2026-06-06 21:57:12] 
[2026-06-06 21:57:12] 
===== Training Started ====✈

[2026-06-06 21:57:12] ==========================================================
[2026-06-06 21:57:32] [Epoch 001/600] | Train Loss: 3.4684  |   Time    : 0m 19s
[2026-06-06 21:57:51] [Epoch 002/600] | Train Loss: 2.8941  |   Time    : 0m 18s
[2026-06-06 21:58:10] [Epoch 003/600] | Train Loss: 2.4183  |   Time    : 0m 18s
[2026-06-06 21:58:29] [Epoch 004/600] | Train Loss: 2.0439  |   Time    : 0m 18s
[2026-06-06 21:58:58] ----------------------------------------------------------
[2026-06-06 21:58:58] [Epoch 005/600] | Train Loss: 1.7487  |   Time    : 0m 29s
[2026-06-06 21:58:58]   Lr : 0.000300 |  Val Loss : 1.4908  | Val Dice  : 0.0374
[2026-06-06 21:58:58] ==========================================================
[2026-06-06 21:58:58] [SAVE] New best record : 3.74% ! Model saved ! ETA 3h 29m 34s
[2026-06-06 21:58:58] 
[2026-06-06 21:58:58] ==========================================================
[2026-06-06 21:59:18] [Epoch 006/600] | Train Loss: 1.6423  |   Time    : 0m 19s
[2026-06-06 21:59:36] [Epoch 007/600] | Train Loss: 1.6030  |   Time    : 0m 18s
[2026-06-06 21:59:55] [Epoch 008/600] | Train Loss: 1.4950  |   Time    : 0m 18s
[2026-06-06 22:00:13] [Epoch 009/600] | Train Loss: 1.5283  |   Time    : 0m 18s
[2026-06-06 22:00:40] ----------------------------------------------------------
[2026-06-06 22:00:40] [Epoch 010/600] | Train Loss: 1.5077  |   Time    : 0m 27s
[2026-06-06 22:00:40]   Lr : 0.000300 |  Val Loss : 1.2238  | Val Dice  : 0.0494
[2026-06-06 22:00:40] ==========================================================
[2026-06-06 22:00:40] [SAVE] New best record : 4.94% ! Model saved ! ETA 3h 23m 47s
[2026-06-06 22:00:40] 
[2026-06-06 22:00:40] ==========================================================
[2026-06-06 22:00:59] [Epoch 011/600] | Train Loss: 1.4138  |   Time    : 0m 18s
[2026-06-06 22:01:18] [Epoch 012/600] | Train Loss: 1.4320  |   Time    : 0m 18s
[2026-06-06 22:01:36] [Epoch 013/600] | Train Loss: 1.4279  |   Time    : 0m 18s
[2026-06-06 22:01:55] [Epoch 014/600] | Train Loss: 1.3728  |   Time    : 0m 18s
[2026-06-06 22:02:20] ----------------------------------------------------------
[2026-06-06 22:02:20] [Epoch 015/600] | Train Loss: 1.4692  |   Time    : 0m 24s
[2026-06-06 22:02:20]   Lr : 0.000300 |  Val Loss : 1.1837  | Val Dice  : 0.0569
[2026-06-06 22:02:20] ==========================================================
[2026-06-06 22:02:20] [SAVE] New best record : 5.69% ! Model saved ! ETA 3h 19m 11s
[2026-06-06 22:02:20] 
[2026-06-06 22:02:20] ==========================================================
[2026-06-06 22:02:39] [Epoch 016/600] | Train Loss: 1.4586  |   Time    : 0m 19s
[2026-06-06 22:02:58] [Epoch 017/600] | Train Loss: 1.3610  |   Time    : 0m 18s
[2026-06-06 22:03:16] [Epoch 018/600] | Train Loss: 1.3519  |   Time    : 0m 18s
[2026-06-06 22:03:35] [Epoch 019/600] | Train Loss: 1.3804  |   Time    : 0m 18s
[2026-06-06 22:04:00] ----------------------------------------------------------
[2026-06-06 22:04:00] [Epoch 020/600] | Train Loss: 1.3780  |   Time    : 0m 24s
[2026-06-06 22:04:00]   Lr : 0.000300 |  Val Loss : 1.1249  | Val Dice  : 0.0654
[2026-06-06 22:04:00] ==========================================================
[2026-06-06 22:04:00] [SAVE] New best record : 6.54% ! Model saved ! ETA 3h 16m 21s
[2026-06-06 22:04:00] 
[2026-06-06 22:04:00] ==========================================================
[2026-06-06 22:04:19] [Epoch 021/600] | Train Loss: 1.3168  |   Time    : 0m 18s
[2026-06-06 22:04:38] [Epoch 022/600] | Train Loss: 1.3583  |   Time    : 0m 18s
[2026-06-06 22:04:56] [Epoch 023/600] | Train Loss: 1.3362  |   Time    : 0m 18s
[2026-06-06 22:05:15] [Epoch 024/600] | Train Loss: 1.3345  |   Time    : 0m 18s
[2026-06-06 22:05:40] ----------------------------------------------------------
[2026-06-06 22:05:40] [Epoch 025/600] | Train Loss: 1.3725  |   Time    : 0m 24s
[2026-06-06 22:05:40]   Lr : 0.000300 |  Val Loss : 1.1267  | Val Dice  : 0.0705
[2026-06-06 22:05:40] ==========================================================
[2026-06-06 22:05:40] [SAVE] New best record : 7.05% ! Model saved ! ETA 3h 13m 46s
[2026-06-06 22:05:40] 
[2026-06-06 22:05:40] ==========================================================
[2026-06-06 22:05:58] [Epoch 026/600] | Train Loss: 1.3255  |   Time    : 0m 18s
[2026-06-06 22:06:17] [Epoch 027/600] | Train Loss: 1.3369  |   Time    : 0m 18s
[2026-06-06 22:06:36] [Epoch 028/600] | Train Loss: 1.3130  |   Time    : 0m 18s
[2026-06-06 22:06:55] [Epoch 029/600] | Train Loss: 1.2750  |   Time    : 0m 18s
[2026-06-06 22:07:20] ----------------------------------------------------------
[2026-06-06 22:07:20] [Epoch 030/600] | Train Loss: 1.2934  |   Time    : 0m 25s
[2026-06-06 22:07:20]   Lr : 0.000300 |  Val Loss : 1.1040  | Val Dice  : 0.0933
[2026-06-06 22:07:20] ==========================================================
[2026-06-06 22:07:20] [SAVE] New best record : 9.33% ! Model saved ! ETA 3h 11m 45s
[2026-06-06 22:07:20] 
[2026-06-06 22:07:20] ==========================================================
[2026-06-06 22:07:39] [Epoch 031/600] | Train Loss: 1.2573  |   Time    : 0m 18s
[2026-06-06 22:07:58] [Epoch 032/600] | Train Loss: 1.2794  |   Time    : 0m 18s
[2026-06-06 22:08:16] [Epoch 033/600] | Train Loss: 1.2743  |   Time    : 0m 18s
[2026-06-06 22:08:35] [Epoch 034/600] | Train Loss: 1.3181  |   Time    : 0m 18s
[2026-06-06 22:08:59] ----------------------------------------------------------
[2026-06-06 22:08:59] [Epoch 035/600] | Train Loss: 1.2524  |   Time    : 0m 24s
[2026-06-06 22:08:59]   Lr : 0.000300 |  Val Loss : 1.0495  | Val Dice  : 0.0982
[2026-06-06 22:08:59] ==========================================================
[2026-06-06 22:08:59] [SAVE] New best record : 9.82% ! Model saved ! ETA 3h 09m 33s
[2026-06-06 22:08:59] 
[2026-06-06 22:08:59] ==========================================================
[2026-06-06 22:09:18] [Epoch 036/600] | Train Loss: 1.2878  |   Time    : 0m 18s
[2026-06-06 22:09:36] [Epoch 037/600] | Train Loss: 1.2253  |   Time    : 0m 18s
[2026-06-06 22:09:55] [Epoch 038/600] | Train Loss: 1.2084  |   Time    : 0m 18s
[2026-06-06 22:10:13] [Epoch 039/600] | Train Loss: 1.2320  |   Time    : 0m 18s
[2026-06-06 22:10:38] ----------------------------------------------------------
[2026-06-06 22:10:38] [Epoch 040/600] | Train Loss: 1.2633  |   Time    : 0m 24s
[2026-06-06 22:10:38]   Lr : 0.000300 |  Val Loss : 1.0372  | Val Dice  : 0.1292
[2026-06-06 22:10:38] ==========================================================
[2026-06-06 22:10:38] [SAVE] New best record : 12.92% ! Model saved ! ETA 3h 07m 22s
[2026-06-06 22:10:38] 
[2026-06-06 22:10:38] ==========================================================
[2026-06-06 22:10:57] [Epoch 041/600] | Train Loss: 1.2123  |   Time    : 0m 18s
[2026-06-06 22:11:16] [Epoch 042/600] | Train Loss: 1.2710  |   Time    : 0m 18s
[2026-06-06 22:11:35] [Epoch 043/600] | Train Loss: 1.2035  |   Time    : 0m 18s
[2026-06-06 22:11:53] [Epoch 044/600] | Train Loss: 1.2162  |   Time    : 0m 18s
[2026-06-06 22:12:18] ----------------------------------------------------------
[2026-06-06 22:12:18] [Epoch 045/600] | Train Loss: 1.2107  |   Time    : 0m 25s
[2026-06-06 22:12:18]   Lr : 0.000300 |  Val Loss : 0.9859  | Val Dice  : 0.1576
[2026-06-06 22:12:18] ==========================================================
[2026-06-06 22:12:18] [SAVE] New best record : 15.76% ! Model saved ! ETA 3h 05m 32s
[2026-06-06 22:12:18] 
[2026-06-06 22:12:18] ==========================================================
[2026-06-06 22:12:37] [Epoch 046/600] | Train Loss: 1.1897  |   Time    : 0m 18s
[2026-06-06 22:12:56] [Epoch 047/600] | Train Loss: 1.1963  |   Time    : 0m 18s
[2026-06-06 22:13:15] [Epoch 048/600] | Train Loss: 1.1655  |   Time    : 0m 19s
[2026-06-06 22:13:34] [Epoch 049/600] | Train Loss: 1.1745  |   Time    : 0m 18s
[2026-06-06 22:14:00] ----------------------------------------------------------
[2026-06-06 22:14:00] [Epoch 050/600] | Train Loss: 1.1466  |   Time    : 0m 25s
[2026-06-06 22:14:00]   Lr : 0.000300 |  Val Loss : 0.9399  | Val Dice  : 0.2067
[2026-06-06 22:14:00] ==========================================================
[2026-06-06 22:14:00] [SAVE] New best record : 20.67% ! Model saved ! ETA 3h 04m 01s
[2026-06-06 22:14:00] 
[2026-06-06 22:14:00] ==========================================================
[2026-06-06 22:14:19] [Epoch 051/600] | Train Loss: 1.1430  |   Time    : 0m 18s
[2026-06-06 22:14:37] [Epoch 052/600] | Train Loss: 1.1548  |   Time    : 0m 18s
[2026-06-06 22:14:56] [Epoch 053/600] | Train Loss: 1.1550  |   Time    : 0m 18s
[2026-06-06 22:15:14] [Epoch 054/600] | Train Loss: 1.1162  |   Time    : 0m 18s
[2026-06-06 22:15:39] ----------------------------------------------------------
[2026-06-06 22:15:39] [Epoch 055/600] | Train Loss: 1.1336  |   Time    : 0m 24s
[2026-06-06 22:15:39]   Lr : 0.000300 |  Val Loss : 0.9023  | Val Dice  : 0.2725
[2026-06-06 22:15:39] ==========================================================
[2026-06-06 22:15:39] [SAVE] New best record : 27.25% ! Model saved ! ETA 3h 02m 07s
[2026-06-06 22:15:39] 
[2026-06-06 22:15:39] ==========================================================
[2026-06-06 22:15:58] [Epoch 056/600] | Train Loss: 1.1043  |   Time    : 0m 18s
[2026-06-06 22:16:16] [Epoch 057/600] | Train Loss: 1.1003  |   Time    : 0m 18s
[2026-06-06 22:16:34] [Epoch 058/600] | Train Loss: 1.0960  |   Time    : 0m 18s
[2026-06-06 22:16:53] [Epoch 059/600] | Train Loss: 1.0774  |   Time    : 0m 18s
[2026-06-06 22:17:17] ----------------------------------------------------------
[2026-06-06 22:17:17] [Epoch 060/600] | Train Loss: 1.0888  |   Time    : 0m 24s
[2026-06-06 22:17:17]   Lr : 0.000300 |  Val Loss : 0.8771  | Val Dice  : 0.2954
[2026-06-06 22:17:17] ==========================================================
[2026-06-06 22:17:17] [SAVE] New best record : 29.54% ! Model saved ! ETA 3h 00m 07s
[2026-06-06 22:17:17] 
[2026-06-06 22:17:17] ==========================================================
[2026-06-06 22:17:36] [Epoch 061/600] | Train Loss: 1.0791  |   Time    : 0m 18s
[2026-06-06 22:17:55] [Epoch 062/600] | Train Loss: 1.0973  |   Time    : 0m 18s
[2026-06-06 22:18:13] [Epoch 063/600] | Train Loss: 1.0799  |   Time    : 0m 18s
[2026-06-06 22:18:31] [Epoch 064/600] | Train Loss: 1.0628  |   Time    : 0m 18s
[2026-06-06 22:18:56] ----------------------------------------------------------
[2026-06-06 22:18:56] [Epoch 065/600] | Train Loss: 1.0715  |   Time    : 0m 24s
[2026-06-06 22:18:56]   Lr : 0.000300 |  Val Loss : 0.8299  | Val Dice  : 0.3667
[2026-06-06 22:18:56] ==========================================================
[2026-06-06 22:18:56] [SAVE] New best record : 36.67% ! Model saved ! ETA 2h 58m 14s
[2026-06-06 22:18:56] 
[2026-06-06 22:18:56] ==========================================================
[2026-06-06 22:19:15] [Epoch 066/600] | Train Loss: 1.0369  |   Time    : 0m 19s
[2026-06-06 22:19:34] [Epoch 067/600] | Train Loss: 1.0484  |   Time    : 0m 18s
[2026-06-06 22:19:52] [Epoch 068/600] | Train Loss: 1.0368  |   Time    : 0m 18s
[2026-06-06 22:20:11] [Epoch 069/600] | Train Loss: 1.0156  |   Time    : 0m 18s
[2026-06-06 22:20:35] ----------------------------------------------------------
[2026-06-06 22:20:35] [Epoch 070/600] | Train Loss: 1.0318  |   Time    : 0m 24s
[2026-06-06 22:20:35]   Lr : 0.000300 |  Val Loss : 0.8416  | Val Dice  : 0.3477
[2026-06-06 22:20:35] ==========================================================
[2026-06-06 22:20:35] [WARN] No improvement. Patience: 1/12 ETA: 2h 56m 26s
[2026-06-06 22:20:35] 
[2026-06-06 22:20:35] ==========================================================
[2026-06-06 22:20:54] [Epoch 071/600] | Train Loss: 1.0496  |   Time    : 0m 18s
[2026-06-06 22:21:13] [Epoch 072/600] | Train Loss: 1.0331  |   Time    : 0m 18s
[2026-06-06 22:21:32] [Epoch 073/600] | Train Loss: 1.0146  |   Time    : 0m 18s
[2026-06-06 22:21:50] [Epoch 074/600] | Train Loss: 1.0092  |   Time    : 0m 18s
[2026-06-06 22:22:15] ----------------------------------------------------------
[2026-06-06 22:22:15] [Epoch 075/600] | Train Loss: 1.0114  |   Time    : 0m 24s
[2026-06-06 22:22:15]   Lr : 0.000300 |  Val Loss : 0.7720  | Val Dice  : 0.4022
[2026-06-06 22:22:15] ==========================================================
[2026-06-06 22:22:15] [SAVE] New best record : 40.22% ! Model saved ! ETA 2h 54m 39s
[2026-06-06 22:22:15] 
[2026-06-06 22:22:15] ==========================================================
[2026-06-06 22:22:34] [Epoch 076/600] | Train Loss: 0.9985  |   Time    : 0m 18s
[2026-06-06 22:22:52] [Epoch 077/600] | Train Loss: 0.9941  |   Time    : 0m 18s
[2026-06-06 22:23:11] [Epoch 078/600] | Train Loss: 0.9994  |   Time    : 0m 18s
[2026-06-06 22:23:29] [Epoch 079/600] | Train Loss: 0.9834  |   Time    : 0m 18s
[2026-06-06 22:23:53] ----------------------------------------------------------
[2026-06-06 22:23:53] [Epoch 080/600] | Train Loss: 0.9688  |   Time    : 0m 24s
[2026-06-06 22:23:53]   Lr : 0.000300 |  Val Loss : 0.6976  | Val Dice  : 0.4627
[2026-06-06 22:23:53] ==========================================================
[2026-06-06 22:23:53] [SAVE] New best record : 46.27% ! Model saved ! ETA 2h 52m 49s
[2026-06-06 22:23:53] 
[2026-06-06 22:23:53] ==========================================================
[2026-06-06 22:24:11] [Epoch 081/600] | Train Loss: 0.9603  |   Time    : 0m 18s
[2026-06-06 22:24:30] [Epoch 082/600] | Train Loss: 0.9505  |   Time    : 0m 18s
[2026-06-06 22:24:48] [Epoch 083/600] | Train Loss: 0.9409  |   Time    : 0m 18s
[2026-06-06 22:25:07] [Epoch 084/600] | Train Loss: 0.9392  |   Time    : 0m 18s
[2026-06-06 22:25:31] ----------------------------------------------------------
[2026-06-06 22:25:31] [Epoch 085/600] | Train Loss: 0.9356  |   Time    : 0m 24s
[2026-06-06 22:25:31]   Lr : 0.000300 |  Val Loss : 0.6668  | Val Dice  : 0.4694
[2026-06-06 22:25:31] ==========================================================
[2026-06-06 22:25:31] [SAVE] New best record : 46.94% ! Model saved ! ETA 2h 50m 57s
[2026-06-06 22:25:31] 
[2026-06-06 22:25:31] ==========================================================
[2026-06-06 22:25:50] [Epoch 086/600] | Train Loss: 0.9334  |   Time    : 0m 18s
[2026-06-06 22:26:09] [Epoch 087/600] | Train Loss: 0.9510  |   Time    : 0m 18s
[2026-06-06 22:26:27] [Epoch 088/600] | Train Loss: 0.9416  |   Time    : 0m 18s
[2026-06-06 22:26:46] [Epoch 089/600] | Train Loss: 0.9287  |   Time    : 0m 18s
[2026-06-06 22:27:11] ----------------------------------------------------------
[2026-06-06 22:27:11] [Epoch 090/600] | Train Loss: 0.9203  |   Time    : 0m 24s
[2026-06-06 22:27:11]   Lr : 0.000300 |  Val Loss : 0.6646  | Val Dice  : 0.4688
[2026-06-06 22:27:11] ==========================================================
[2026-06-06 22:27:11] [WARN] No improvement. Patience: 1/12 ETA: 2h 49m 15s
[2026-06-06 22:27:11] 
[2026-06-06 22:27:11] ==========================================================
[2026-06-06 22:27:29] [Epoch 091/600] | Train Loss: 0.9233  |   Time    : 0m 18s
[2026-06-06 22:27:48] [Epoch 092/600] | Train Loss: 0.9161  |   Time    : 0m 18s
[2026-06-06 22:28:06] [Epoch 093/600] | Train Loss: 0.9294  |   Time    : 0m 18s
[2026-06-06 22:28:25] [Epoch 094/600] | Train Loss: 0.9113  |   Time    : 0m 18s
[2026-06-06 22:28:50] ----------------------------------------------------------
[2026-06-06 22:28:50] [Epoch 095/600] | Train Loss: 0.9037  |   Time    : 0m 24s
[2026-06-06 22:28:50]   Lr : 0.000300 |  Val Loss : 0.6298  | Val Dice  : 0.4875
[2026-06-06 22:28:50] ==========================================================
[2026-06-06 22:28:50] [SAVE] New best record : 48.75% ! Model saved ! ETA 2h 47m 30s
[2026-06-06 22:28:50] 
[2026-06-06 22:28:50] ==========================================================
[2026-06-06 22:29:08] [Epoch 096/600] | Train Loss: 0.9036  |   Time    : 0m 18s
[2026-06-06 22:29:26] [Epoch 097/600] | Train Loss: 0.9046  |   Time    : 0m 18s
[2026-06-06 22:29:45] [Epoch 098/600] | Train Loss: 0.9126  |   Time    : 0m 18s
[2026-06-06 22:30:03] [Epoch 099/600] | Train Loss: 0.9161  |   Time    : 0m 18s
[2026-06-06 22:30:28] ----------------------------------------------------------
[2026-06-06 22:30:28] [Epoch 100/600] | Train Loss: 0.9146  |   Time    : 0m 24s
[2026-06-06 22:30:28]   Lr : 0.000300 |  Val Loss : 0.6219  | Val Dice  : 0.5013
[2026-06-06 22:30:28] ==========================================================
[2026-06-06 22:30:28] [SAVE] New best record : 50.13% ! Model saved ! ETA 2h 45m 43s
[2026-06-06 22:30:28] 
[2026-06-06 22:30:28] ==========================================================
[2026-06-06 22:30:47] [Epoch 101/600] | Train Loss: 0.9179  |   Time    : 0m 18s
[2026-06-06 22:31:05] [Epoch 102/600] | Train Loss: 0.9196  |   Time    : 0m 18s
[2026-06-06 22:31:23] [Epoch 103/600] | Train Loss: 0.9336  |   Time    : 0m 18s
[2026-06-06 22:31:42] [Epoch 104/600] | Train Loss: 0.9015  |   Time    : 0m 18s
[2026-06-06 22:32:06] ----------------------------------------------------------
[2026-06-06 22:32:06] [Epoch 105/600] | Train Loss: 0.8904  |   Time    : 0m 24s
[2026-06-06 22:32:06]   Lr : 0.000300 |  Val Loss : 0.6105  | Val Dice  : 0.5167
[2026-06-06 22:32:06] ==========================================================
[2026-06-06 22:32:06] [SAVE] New best record : 51.67% ! Model saved ! ETA 2h 43m 57s
[2026-06-06 22:32:06] 
[2026-06-06 22:32:06] ==========================================================
[2026-06-06 22:32:25] [Epoch 106/600] | Train Loss: 0.8999  |   Time    : 0m 18s
[2026-06-06 22:32:44] [Epoch 107/600] | Train Loss: 0.8785  |   Time    : 0m 18s
[2026-06-06 22:33:02] [Epoch 108/600] | Train Loss: 0.8765  |   Time    : 0m 18s
[2026-06-06 22:33:20] [Epoch 109/600] | Train Loss: 0.8741  |   Time    : 0m 17s
[2026-06-06 22:33:45] ----------------------------------------------------------
[2026-06-06 22:33:45] [Epoch 110/600] | Train Loss: 0.8945  |   Time    : 0m 24s
[2026-06-06 22:33:45]   Lr : 0.000300 |  Val Loss : 0.5828  | Val Dice  : 0.5319
[2026-06-06 22:33:45] ==========================================================
[2026-06-06 22:33:45] [SAVE] New best record : 53.19% ! Model saved ! ETA 2h 42m 14s
[2026-06-06 22:33:45] 
[2026-06-06 22:33:45] ==========================================================
[2026-06-06 22:34:04] [Epoch 111/600] | Train Loss: 0.8700  |   Time    : 0m 19s
[2026-06-06 22:34:23] [Epoch 112/600] | Train Loss: 0.8546  |   Time    : 0m 18s
[2026-06-06 22:34:41] [Epoch 113/600] | Train Loss: 0.8662  |   Time    : 0m 18s
[2026-06-06 22:35:00] [Epoch 114/600] | Train Loss: 0.8449  |   Time    : 0m 18s
[2026-06-06 22:35:24] ----------------------------------------------------------
[2026-06-06 22:35:24] [Epoch 115/600] | Train Loss: 0.8837  |   Time    : 0m 24s
[2026-06-06 22:35:24]   Lr : 0.000300 |  Val Loss : 0.5658  | Val Dice  : 0.5620
[2026-06-06 22:35:24] ==========================================================
[2026-06-06 22:35:25] [SAVE] New best record : 56.20% ! Model saved ! ETA 2h 40m 33s
[2026-06-06 22:35:25] 
[2026-06-06 22:35:25] ==========================================================
[2026-06-06 22:35:43] [Epoch 116/600] | Train Loss: 0.8409  |   Time    : 0m 18s
[2026-06-06 22:36:02] [Epoch 117/600] | Train Loss: 0.8543  |   Time    : 0m 18s
[2026-06-06 22:36:20] [Epoch 118/600] | Train Loss: 0.8382  |   Time    : 0m 18s
[2026-06-06 22:36:39] [Epoch 119/600] | Train Loss: 0.8394  |   Time    : 0m 18s
[2026-06-06 22:37:05] ----------------------------------------------------------
[2026-06-06 22:37:05] [Epoch 120/600] | Train Loss: 0.8322  |   Time    : 0m 26s
[2026-06-06 22:37:05]   Lr : 0.000300 |  Val Loss : 0.5487  | Val Dice  : 0.5698
[2026-06-06 22:37:05] ==========================================================
[2026-06-06 22:37:05] [SAVE] New best record : 56.98% ! Model saved ! ETA 2h 38m 56s
[2026-06-06 22:37:05] 
[2026-06-06 22:37:05] ==========================================================
[2026-06-06 22:37:24] [Epoch 121/600] | Train Loss: 0.8579  |   Time    : 0m 19s
[2026-06-06 22:37:42] [Epoch 122/600] | Train Loss: 0.8451  |   Time    : 0m 18s
[2026-06-06 22:38:01] [Epoch 123/600] | Train Loss: 0.8394  |   Time    : 0m 18s
[2026-06-06 22:38:19] [Epoch 124/600] | Train Loss: 0.8294  |   Time    : 0m 18s
[2026-06-06 22:38:44] ----------------------------------------------------------
[2026-06-06 22:38:44] [Epoch 125/600] | Train Loss: 0.8399  |   Time    : 0m 24s
[2026-06-06 22:38:44]   Lr : 0.000300 |  Val Loss : 0.5303  | Val Dice  : 0.5816
[2026-06-06 22:38:44] ==========================================================
[2026-06-06 22:38:44] [SAVE] New best record : 58.16% ! Model saved ! ETA 2h 37m 15s
[2026-06-06 22:38:44] 
[2026-06-06 22:38:44] ==========================================================
[2026-06-06 22:39:03] [Epoch 126/600] | Train Loss: 0.8303  |   Time    : 0m 18s
[2026-06-06 22:39:21] [Epoch 127/600] | Train Loss: 0.8134  |   Time    : 0m 18s
[2026-06-06 22:39:40] [Epoch 128/600] | Train Loss: 0.8097  |   Time    : 0m 18s
[2026-06-06 22:39:58] [Epoch 129/600] | Train Loss: 0.8250  |   Time    : 0m 18s
[2026-06-06 22:40:23] ----------------------------------------------------------
[2026-06-06 22:40:23] [Epoch 130/600] | Train Loss: 0.8290  |   Time    : 0m 24s
[2026-06-06 22:40:23]   Lr : 0.000300 |  Val Loss : 0.5075  | Val Dice  : 0.6145
[2026-06-06 22:40:23] ==========================================================
[2026-06-06 22:40:23] [SAVE] New best record : 61.45% ! Model saved ! ETA 2h 35m 33s
[2026-06-06 22:40:23] 
[2026-06-06 22:40:23] ==========================================================
[2026-06-06 22:40:42] [Epoch 131/600] | Train Loss: 0.8218  |   Time    : 0m 18s
[2026-06-06 22:41:00] [Epoch 132/600] | Train Loss: 0.8462  |   Time    : 0m 18s
[2026-06-06 22:41:19] [Epoch 133/600] | Train Loss: 0.8157  |   Time    : 0m 18s
[2026-06-06 22:41:37] [Epoch 134/600] | Train Loss: 0.8285  |   Time    : 0m 18s
[2026-06-06 22:42:03] ----------------------------------------------------------
[2026-06-06 22:42:03] [Epoch 135/600] | Train Loss: 0.8125  |   Time    : 0m 25s
[2026-06-06 22:42:03]   Lr : 0.000300 |  Val Loss : 0.4963  | Val Dice  : 0.6168
[2026-06-06 22:42:03] ==========================================================
[2026-06-06 22:42:03] [SAVE] New best record : 61.68% ! Model saved ! ETA 2h 33m 53s
[2026-06-06 22:42:03] 
[2026-06-06 22:42:03] ==========================================================
[2026-06-06 22:42:21] [Epoch 136/600] | Train Loss: 0.8001  |   Time    : 0m 18s
[2026-06-06 22:42:40] [Epoch 137/600] | Train Loss: 0.7820  |   Time    : 0m 18s
[2026-06-06 22:42:58] [Epoch 138/600] | Train Loss: 0.8069  |   Time    : 0m 18s
[2026-06-06 22:43:17] [Epoch 139/600] | Train Loss: 0.7952  |   Time    : 0m 18s
[2026-06-06 22:43:42] ----------------------------------------------------------
[2026-06-06 22:43:42] [Epoch 140/600] | Train Loss: 0.8299  |   Time    : 0m 24s
[2026-06-06 22:43:42]   Lr : 0.000300 |  Val Loss : 0.4936  | Val Dice  : 0.6225
[2026-06-06 22:43:42] ==========================================================
[2026-06-06 22:43:42] [SAVE] New best record : 62.25% ! Model saved ! ETA 2h 32m 13s
[2026-06-06 22:43:42] 
[2026-06-06 22:43:42] ==========================================================
[2026-06-06 22:44:00] [Epoch 141/600] | Train Loss: 0.8148  |   Time    : 0m 18s
[2026-06-06 22:44:19] [Epoch 142/600] | Train Loss: 0.7796  |   Time    : 0m 18s
[2026-06-06 22:44:37] [Epoch 143/600] | Train Loss: 0.8057  |   Time    : 0m 18s
[2026-06-06 22:44:55] [Epoch 144/600] | Train Loss: 0.7879  |   Time    : 0m 18s
[2026-06-06 22:45:20] ----------------------------------------------------------
[2026-06-06 22:45:20] [Epoch 145/600] | Train Loss: 0.7759  |   Time    : 0m 24s
[2026-06-06 22:45:20]   Lr : 0.000300 |  Val Loss : 0.4806  | Val Dice  : 0.6180
[2026-06-06 22:45:20] ==========================================================
[2026-06-06 22:45:20] [WARN] No improvement. Patience: 1/12 ETA: 2h 30m 29s
[2026-06-06 22:45:20] 
[2026-06-06 22:45:20] ==========================================================
[2026-06-06 22:45:39] [Epoch 146/600] | Train Loss: 0.7901  |   Time    : 0m 18s
[2026-06-06 22:45:57] [Epoch 147/600] | Train Loss: 0.7963  |   Time    : 0m 18s
[2026-06-06 22:46:16] [Epoch 148/600] | Train Loss: 0.7763  |   Time    : 0m 18s
[2026-06-06 22:46:34] [Epoch 149/600] | Train Loss: 0.8209  |   Time    : 0m 18s
[2026-06-06 22:46:59] ----------------------------------------------------------
[2026-06-06 22:46:59] [Epoch 150/600] | Train Loss: 0.8098  |   Time    : 0m 24s
[2026-06-06 22:46:59]   Lr : 0.000300 |  Val Loss : 0.4516  | Val Dice  : 0.6464
[2026-06-06 22:46:59] ==========================================================
[2026-06-06 22:46:59] [SAVE] New best record : 64.64% ! Model saved ! ETA 2h 28m 49s
[2026-06-06 22:46:59] 
[2026-06-06 22:46:59] ==========================================================
[2026-06-06 22:47:18] [Epoch 151/600] | Train Loss: 0.7856  |   Time    : 0m 18s
[2026-06-06 22:47:36] [Epoch 152/600] | Train Loss: 0.7771  |   Time    : 0m 18s
[2026-06-06 22:47:55] [Epoch 153/600] | Train Loss: 0.7857  |   Time    : 0m 18s
[2026-06-06 22:48:14] [Epoch 154/600] | Train Loss: 0.8208  |   Time    : 0m 18s
[2026-06-06 22:48:38] ----------------------------------------------------------
[2026-06-06 22:48:38] [Epoch 155/600] | Train Loss: 0.8029  |   Time    : 0m 24s
[2026-06-06 22:48:38]   Lr : 0.000300 |  Val Loss : 0.4529  | Val Dice  : 0.6475
[2026-06-06 22:48:38] ==========================================================
[2026-06-06 22:48:38] [SAVE] New best record : 64.75% ! Model saved ! ETA 2h 27m 08s
[2026-06-06 22:48:38] 
[2026-06-06 22:48:38] ==========================================================
[2026-06-06 22:48:57] [Epoch 156/600] | Train Loss: 0.7723  |   Time    : 0m 18s
[2026-06-06 22:49:15] [Epoch 157/600] | Train Loss: 0.7978  |   Time    : 0m 18s
[2026-06-06 22:49:34] [Epoch 158/600] | Train Loss: 0.7728  |   Time    : 0m 18s
[2026-06-06 22:49:52] [Epoch 159/600] | Train Loss: 0.7722  |   Time    : 0m 18s
[2026-06-06 22:50:17] ----------------------------------------------------------
[2026-06-06 22:50:17] [Epoch 160/600] | Train Loss: 0.7632  |   Time    : 0m 24s
[2026-06-06 22:50:17]   Lr : 0.000300 |  Val Loss : 0.4324  | Val Dice  : 0.6790
[2026-06-06 22:50:17] ==========================================================
[2026-06-06 22:50:17] [SAVE] New best record : 67.90% ! Model saved ! ETA 2h 25m 27s
[2026-06-06 22:50:17] 
[2026-06-06 22:50:17] ==========================================================
[2026-06-06 22:50:36] [Epoch 161/600] | Train Loss: 0.7454  |   Time    : 0m 18s
[2026-06-06 22:50:55] [Epoch 162/600] | Train Loss: 0.7676  |   Time    : 0m 18s
[2026-06-06 22:51:13] [Epoch 163/600] | Train Loss: 0.7727  |   Time    : 0m 18s
[2026-06-06 22:51:32] [Epoch 164/600] | Train Loss: 0.7525  |   Time    : 0m 18s
[2026-06-06 22:51:57] ----------------------------------------------------------
[2026-06-06 22:51:57] [Epoch 165/600] | Train Loss: 0.7535  |   Time    : 0m 25s
[2026-06-06 22:51:57]   Lr : 0.000300 |  Val Loss : 0.4545  | Val Dice  : 0.6472
[2026-06-06 22:51:57] ==========================================================
[2026-06-06 22:51:57] [WARN] No improvement. Patience: 1/12 ETA: 2h 23m 48s
[2026-06-06 22:51:57] 
[2026-06-06 22:51:57] ==========================================================
[2026-06-06 22:52:15] [Epoch 166/600] | Train Loss: 0.7466  |   Time    : 0m 18s
[2026-06-06 22:52:34] [Epoch 167/600] | Train Loss: 0.7672  |   Time    : 0m 18s
[2026-06-06 22:52:53] [Epoch 168/600] | Train Loss: 0.7312  |   Time    : 0m 18s
[2026-06-06 22:53:11] [Epoch 169/600] | Train Loss: 0.7898  |   Time    : 0m 18s
[2026-06-06 22:53:36] ----------------------------------------------------------
[2026-06-06 22:53:36] [Epoch 170/600] | Train Loss: 0.7744  |   Time    : 0m 24s
[2026-06-06 22:53:36]   Lr : 0.000300 |  Val Loss : 0.4248  | Val Dice  : 0.6720
[2026-06-06 22:53:36] ==========================================================
[2026-06-06 22:53:36] [WARN] No improvement. Patience: 2/12 ETA: 2h 22m 08s
[2026-06-06 22:53:36] 
[2026-06-06 22:53:36] ==========================================================
[2026-06-06 22:53:55] [Epoch 171/600] | Train Loss: 0.7584  |   Time    : 0m 18s
[2026-06-06 22:54:13] [Epoch 172/600] | Train Loss: 0.7998  |   Time    : 0m 18s
[2026-06-06 22:54:32] [Epoch 173/600] | Train Loss: 0.7910  |   Time    : 0m 18s
[2026-06-06 22:54:50] [Epoch 174/600] | Train Loss: 0.7727  |   Time    : 0m 18s
[2026-06-06 22:55:15] ----------------------------------------------------------
[2026-06-06 22:55:15] [Epoch 175/600] | Train Loss: 0.7195  |   Time    : 0m 24s
[2026-06-06 22:55:15]   Lr : 0.000300 |  Val Loss : 0.4412  | Val Dice  : 0.6683
[2026-06-06 22:55:15] ==========================================================
[2026-06-06 22:55:15] [WARN] No improvement. Patience: 3/12 ETA: 2h 20m 27s
[2026-06-06 22:55:15] 
[2026-06-06 22:55:15] ==========================================================
[2026-06-06 22:55:33] [Epoch 176/600] | Train Loss: 0.7640  |   Time    : 0m 18s
[2026-06-06 22:55:52] [Epoch 177/600] | Train Loss: 0.7735  |   Time    : 0m 18s
[2026-06-06 22:56:10] [Epoch 178/600] | Train Loss: 0.7684  |   Time    : 0m 18s
[2026-06-06 22:56:29] [Epoch 179/600] | Train Loss: 0.7489  |   Time    : 0m 18s
[2026-06-06 22:56:54] ----------------------------------------------------------
[2026-06-06 22:56:54] [Epoch 180/600] | Train Loss: 0.7616  |   Time    : 0m 24s
[2026-06-06 22:56:54]   Lr : 0.000300 |  Val Loss : 0.4017  | Val Dice  : 0.7154
[2026-06-06 22:56:54] ==========================================================
[2026-06-06 22:56:54] [SAVE] New best record : 71.54% ! Model saved ! ETA 2h 18m 47s
[2026-06-06 22:56:54] 
[2026-06-06 22:56:54] ==========================================================
[2026-06-06 22:57:13] [Epoch 181/600] | Train Loss: 0.7270  |   Time    : 0m 18s
[2026-06-06 22:57:31] [Epoch 182/600] | Train Loss: 0.7444  |   Time    : 0m 18s
[2026-06-06 22:57:49] [Epoch 183/600] | Train Loss: 0.7493  |   Time    : 0m 18s
[2026-06-06 22:58:08] [Epoch 184/600] | Train Loss: 0.7400  |   Time    : 0m 18s
[2026-06-06 22:58:33] ----------------------------------------------------------
[2026-06-06 22:58:33] [Epoch 185/600] | Train Loss: 0.7508  |   Time    : 0m 24s
[2026-06-06 22:58:33]   Lr : 0.000300 |  Val Loss : 0.3842  | Val Dice  : 0.7258
[2026-06-06 22:58:33] ==========================================================
[2026-06-06 22:58:33] [SAVE] New best record : 72.58% ! Model saved ! ETA 2h 17m 06s
[2026-06-06 22:58:33] 
[2026-06-06 22:58:33] ==========================================================
[2026-06-06 22:58:51] [Epoch 186/600] | Train Loss: 0.7282  |   Time    : 0m 18s
[2026-06-06 22:59:09] [Epoch 187/600] | Train Loss: 0.7437  |   Time    : 0m 18s
[2026-06-06 22:59:28] [Epoch 188/600] | Train Loss: 0.7275  |   Time    : 0m 18s
[2026-06-06 22:59:46] [Epoch 189/600] | Train Loss: 0.7143  |   Time    : 0m 18s
[2026-06-06 23:00:11] ----------------------------------------------------------
[2026-06-06 23:00:11] [Epoch 190/600] | Train Loss: 0.7326  |   Time    : 0m 24s
[2026-06-06 23:00:11]   Lr : 0.000300 |  Val Loss : 0.3746  | Val Dice  : 0.7340
[2026-06-06 23:00:11] ==========================================================
[2026-06-06 23:00:11] [SAVE] New best record : 73.40% ! Model saved ! ETA 2h 15m 24s
[2026-06-06 23:00:11] 
[2026-06-06 23:00:11] ==========================================================
[2026-06-06 23:00:29] [Epoch 191/600] | Train Loss: 0.7299  |   Time    : 0m 18s
[2026-06-06 23:00:48] [Epoch 192/600] | Train Loss: 0.7600  |   Time    : 0m 18s
[2026-06-06 23:01:06] [Epoch 193/600] | Train Loss: 0.7725  |   Time    : 0m 18s
[2026-06-06 23:01:25] [Epoch 194/600] | Train Loss: 0.7727  |   Time    : 0m 18s
[2026-06-06 23:01:50] ----------------------------------------------------------
[2026-06-06 23:01:50] [Epoch 195/600] | Train Loss: 0.7139  |   Time    : 0m 25s
[2026-06-06 23:01:50]   Lr : 0.000300 |  Val Loss : 0.3675  | Val Dice  : 0.7313
[2026-06-06 23:01:50] ==========================================================
[2026-06-06 23:01:50] [WARN] No improvement. Patience: 1/12 ETA: 2h 13m 45s
[2026-06-06 23:01:50] 
[2026-06-06 23:01:50] ==========================================================
[2026-06-06 23:02:08] [Epoch 196/600] | Train Loss: 0.7261  |   Time    : 0m 18s
[2026-06-06 23:02:27] [Epoch 197/600] | Train Loss: 0.7266  |   Time    : 0m 18s
[2026-06-06 23:02:45] [Epoch 198/600] | Train Loss: 0.6816  |   Time    : 0m 18s
[2026-06-06 23:03:04] [Epoch 199/600] | Train Loss: 0.7766  |   Time    : 0m 18s
[2026-06-06 23:03:29] ----------------------------------------------------------
[2026-06-06 23:03:29] [Epoch 200/600] | Train Loss: 0.7060  |   Time    : 0m 24s
[2026-06-06 23:03:29]   Lr : 0.000300 |  Val Loss : 0.3511  | Val Dice  : 0.7453
[2026-06-06 23:03:29] ==========================================================
[2026-06-06 23:03:29] [SAVE] New best record : 74.53% ! Model saved ! ETA 2h 12m 05s
[2026-06-06 23:03:29] 
[2026-06-06 23:03:29] ==========================================================
[2026-06-06 23:03:47] [Epoch 201/600] | Train Loss: 0.7710  |   Time    : 0m 18s
[2026-06-06 23:04:06] [Epoch 202/600] | Train Loss: 0.7016  |   Time    : 0m 18s
[2026-06-06 23:04:24] [Epoch 203/600] | Train Loss: 0.6949  |   Time    : 0m 18s
[2026-06-06 23:04:43] [Epoch 204/600] | Train Loss: 0.7302  |   Time    : 0m 18s
[2026-06-06 23:05:08] ----------------------------------------------------------
[2026-06-06 23:05:08] [Epoch 205/600] | Train Loss: 0.7313  |   Time    : 0m 25s
[2026-06-06 23:05:08]   Lr : 0.000300 |  Val Loss : 0.3546  | Val Dice  : 0.7372
[2026-06-06 23:05:08] ==========================================================
[2026-06-06 23:05:08] [WARN] No improvement. Patience: 1/12 ETA: 2h 10m 25s
[2026-06-06 23:05:08] 
[2026-06-06 23:05:08] ==========================================================
[2026-06-06 23:05:27] [Epoch 206/600] | Train Loss: 0.7094  |   Time    : 0m 18s
[2026-06-06 23:05:45] [Epoch 207/600] | Train Loss: 0.7459  |   Time    : 0m 18s
[2026-06-06 23:06:03] [Epoch 208/600] | Train Loss: 0.7486  |   Time    : 0m 17s
[2026-06-06 23:06:22] [Epoch 209/600] | Train Loss: 0.7077  |   Time    : 0m 18s
[2026-06-06 23:06:47] ----------------------------------------------------------
[2026-06-06 23:06:47] [Epoch 210/600] | Train Loss: 0.7389  |   Time    : 0m 25s
[2026-06-06 23:06:47]   Lr : 0.000300 |  Val Loss : 0.3419  | Val Dice  : 0.7515
[2026-06-06 23:06:47] ==========================================================
[2026-06-06 23:06:47] [SAVE] New best record : 75.15% ! Model saved ! ETA 2h 08m 46s
[2026-06-06 23:06:47] 
[2026-06-06 23:06:47] ==========================================================
[2026-06-06 23:07:06] [Epoch 211/600] | Train Loss: 0.7046  |   Time    : 0m 18s
[2026-06-06 23:07:24] [Epoch 212/600] | Train Loss: 0.6895  |   Time    : 0m 18s
[2026-06-06 23:07:43] [Epoch 213/600] | Train Loss: 0.7625  |   Time    : 0m 18s
[2026-06-06 23:08:01] [Epoch 214/600] | Train Loss: 0.7370  |   Time    : 0m 18s
[2026-06-06 23:08:26] ----------------------------------------------------------
[2026-06-06 23:08:26] [Epoch 215/600] | Train Loss: 0.6939  |   Time    : 0m 24s
[2026-06-06 23:08:26]   Lr : 0.000300 |  Val Loss : 0.3163  | Val Dice  : 0.7756
[2026-06-06 23:08:26] ==========================================================
[2026-06-06 23:08:26] [SAVE] New best record : 77.56% ! Model saved ! ETA 2h 07m 06s
[2026-06-06 23:08:26] 
[2026-06-06 23:08:26] ==========================================================
[2026-06-06 23:08:45] [Epoch 216/600] | Train Loss: 0.7264  |   Time    : 0m 18s
[2026-06-06 23:09:03] [Epoch 217/600] | Train Loss: 0.7165  |   Time    : 0m 18s
[2026-06-06 23:09:21] [Epoch 218/600] | Train Loss: 0.7461  |   Time    : 0m 18s
[2026-06-06 23:09:39] [Epoch 219/600] | Train Loss: 0.7013  |   Time    : 0m 17s
[2026-06-06 23:10:04] ----------------------------------------------------------
[2026-06-06 23:10:04] [Epoch 220/600] | Train Loss: 0.7379  |   Time    : 0m 24s
[2026-06-06 23:10:04]   Lr : 0.000300 |  Val Loss : 0.3376  | Val Dice  : 0.7548
[2026-06-06 23:10:04] ==========================================================
[2026-06-06 23:10:04] [WARN] No improvement. Patience: 1/12 ETA: 2h 05m 24s
[2026-06-06 23:10:04] 
[2026-06-06 23:10:04] ==========================================================
[2026-06-06 23:10:23] [Epoch 221/600] | Train Loss: 0.6748  |   Time    : 0m 18s
[2026-06-06 23:10:41] [Epoch 222/600] | Train Loss: 0.7130  |   Time    : 0m 18s
[2026-06-06 23:11:00] [Epoch 223/600] | Train Loss: 0.7423  |   Time    : 0m 18s
[2026-06-06 23:11:18] [Epoch 224/600] | Train Loss: 0.7281  |   Time    : 0m 18s
[2026-06-06 23:11:44] ----------------------------------------------------------
[2026-06-06 23:11:44] [Epoch 225/600] | Train Loss: 0.7221  |   Time    : 0m 25s
[2026-06-06 23:11:44]   Lr : 0.000300 |  Val Loss : 0.3303  | Val Dice  : 0.7599
[2026-06-06 23:11:44] ==========================================================
[2026-06-06 23:11:44] [WARN] No improvement. Patience: 2/12 ETA: 2h 03m 46s
[2026-06-06 23:11:44] 
[2026-06-06 23:11:44] ==========================================================
[2026-06-06 23:12:02] [Epoch 226/600] | Train Loss: 0.7066  |   Time    : 0m 18s
[2026-06-06 23:12:21] [Epoch 227/600] | Train Loss: 0.7022  |   Time    : 0m 18s
[2026-06-06 23:12:39] [Epoch 228/600] | Train Loss: 0.6802  |   Time    : 0m 18s
[2026-06-06 23:12:58] [Epoch 229/600] | Train Loss: 0.6823  |   Time    : 0m 18s
[2026-06-06 23:13:22] ----------------------------------------------------------
[2026-06-06 23:13:22] [Epoch 230/600] | Train Loss: 0.6705  |   Time    : 0m 24s
[2026-06-06 23:13:22]   Lr : 0.000300 |  Val Loss : 0.3334  | Val Dice  : 0.7505
[2026-06-06 23:13:22] ==========================================================
[2026-06-06 23:13:22] [WARN] No improvement. Patience: 3/12 ETA: 2h 02m 06s
[2026-06-06 23:13:22] 
[2026-06-06 23:13:22] ==========================================================
[2026-06-06 23:13:41] [Epoch 231/600] | Train Loss: 0.7134  |   Time    : 0m 18s
[2026-06-06 23:14:00] [Epoch 232/600] | Train Loss: 0.7181  |   Time    : 0m 18s
[2026-06-06 23:14:18] [Epoch 233/600] | Train Loss: 0.7142  |   Time    : 0m 18s
[2026-06-06 23:14:36] [Epoch 234/600] | Train Loss: 0.6889  |   Time    : 0m 17s
[2026-06-06 23:15:01] ----------------------------------------------------------
[2026-06-06 23:15:01] [Epoch 235/600] | Train Loss: 0.7008  |   Time    : 0m 24s
[2026-06-06 23:15:01]   Lr : 0.000300 |  Val Loss : 0.3192  | Val Dice  : 0.7670
[2026-06-06 23:15:01] ==========================================================
[2026-06-06 23:15:01] [WARN] No improvement. Patience: 4/12 ETA: 2h 00m 26s
[2026-06-06 23:15:01] 
[2026-06-06 23:15:01] ==========================================================
[2026-06-06 23:15:20] [Epoch 236/600] | Train Loss: 0.7074  |   Time    : 0m 18s
[2026-06-06 23:15:38] [Epoch 237/600] | Train Loss: 0.7092  |   Time    : 0m 18s
[2026-06-06 23:15:56] [Epoch 238/600] | Train Loss: 0.7129  |   Time    : 0m 18s
[2026-06-06 23:16:15] [Epoch 239/600] | Train Loss: 0.6912  |   Time    : 0m 18s
[2026-06-06 23:16:40] ----------------------------------------------------------
[2026-06-06 23:16:40] [Epoch 240/600] | Train Loss: 0.6723  |   Time    : 0m 24s
[2026-06-06 23:16:40]   Lr : 0.000300 |  Val Loss : 0.3202  | Val Dice  : 0.7621
[2026-06-06 23:16:40] ==========================================================
[2026-06-06 23:16:40] [WARN] No improvement. Patience: 5/12 ETA: 1h 58m 46s
[2026-06-06 23:16:40] 
[2026-06-06 23:16:40] ==========================================================
[2026-06-06 23:16:58] [Epoch 241/600] | Train Loss: 0.6938  |   Time    : 0m 18s
[2026-06-06 23:17:17] [Epoch 242/600] | Train Loss: 0.6787  |   Time    : 0m 18s
[2026-06-06 23:17:35] [Epoch 243/600] | Train Loss: 0.7057  |   Time    : 0m 17s
[2026-06-06 23:17:53] [Epoch 244/600] | Train Loss: 0.7662  |   Time    : 0m 18s
[2026-06-06 23:18:18] ----------------------------------------------------------
[2026-06-06 23:18:18] [Epoch 245/600] | Train Loss: 0.6597  |   Time    : 0m 24s
[2026-06-06 23:18:18]   Lr : 0.000240 |  Val Loss : 0.3166  | Val Dice  : 0.7637
[2026-06-06 23:18:18] ==========================================================
[2026-06-06 23:18:18] [WARN] No improvement. Patience: 6/12 ETA: 1h 57m 05s
[2026-06-06 23:18:18] 
[2026-06-06 23:18:18] ==========================================================
[2026-06-06 23:18:36] [Epoch 246/600] | Train Loss: 0.6764  |   Time    : 0m 18s
[2026-06-06 23:18:55] [Epoch 247/600] | Train Loss: 0.6903  |   Time    : 0m 18s
[2026-06-06 23:19:14] [Epoch 248/600] | Train Loss: 0.6523  |   Time    : 0m 18s
[2026-06-06 23:19:33] [Epoch 249/600] | Train Loss: 0.7201  |   Time    : 0m 18s
[2026-06-06 23:19:57] ----------------------------------------------------------
[2026-06-06 23:19:57] [Epoch 250/600] | Train Loss: 0.6916  |   Time    : 0m 24s
[2026-06-06 23:19:57]   Lr : 0.000240 |  Val Loss : 0.3214  | Val Dice  : 0.7618
[2026-06-06 23:19:57] ==========================================================
[2026-06-06 23:19:57] [WARN] No improvement. Patience: 7/12 ETA: 1h 55m 26s
[2026-06-06 23:19:57] 
[2026-06-06 23:19:57] ==========================================================
[2026-06-06 23:20:16] [Epoch 251/600] | Train Loss: 0.7146  |   Time    : 0m 18s
[2026-06-06 23:20:34] [Epoch 252/600] | Train Loss: 0.6829  |   Time    : 0m 18s
[2026-06-06 23:20:53] [Epoch 253/600] | Train Loss: 0.6800  |   Time    : 0m 18s
[2026-06-06 23:21:12] [Epoch 254/600] | Train Loss: 0.7093  |   Time    : 0m 18s
[2026-06-06 23:21:37] ----------------------------------------------------------
[2026-06-06 23:21:37] [Epoch 255/600] | Train Loss: 0.6988  |   Time    : 0m 24s
[2026-06-06 23:21:37]   Lr : 0.000240 |  Val Loss : 0.3101  | Val Dice  : 0.7701
[2026-06-06 23:21:37] ==========================================================
[2026-06-06 23:21:37] [WARN] No improvement. Patience: 8/12 ETA: 1h 53m 48s
[2026-06-06 23:21:37] 
[2026-06-06 23:21:37] ==========================================================
[2026-06-06 23:21:55] [Epoch 256/600] | Train Loss: 0.6864  |   Time    : 0m 18s
[2026-06-06 23:22:14] [Epoch 257/600] | Train Loss: 0.6965  |   Time    : 0m 18s
[2026-06-06 23:22:32] [Epoch 258/600] | Train Loss: 0.6650  |   Time    : 0m 18s
[2026-06-06 23:22:51] [Epoch 259/600] | Train Loss: 0.6896  |   Time    : 0m 18s
[2026-06-06 23:23:16] ----------------------------------------------------------
[2026-06-06 23:23:16] [Epoch 260/600] | Train Loss: 0.6901  |   Time    : 0m 24s
[2026-06-06 23:23:16]   Lr : 0.000240 |  Val Loss : 0.3038  | Val Dice  : 0.7742
[2026-06-06 23:23:16] ==========================================================
[2026-06-06 23:23:16] [WARN] No improvement. Patience: 9/12 ETA: 1h 52m 08s
[2026-06-06 23:23:16] 
[2026-06-06 23:23:16] ==========================================================
[2026-06-06 23:23:34] [Epoch 261/600] | Train Loss: 0.6849  |   Time    : 0m 18s
[2026-06-06 23:23:52] [Epoch 262/600] | Train Loss: 0.7243  |   Time    : 0m 18s
[2026-06-06 23:24:11] [Epoch 263/600] | Train Loss: 0.6576  |   Time    : 0m 18s
[2026-06-06 23:24:29] [Epoch 264/600] | Train Loss: 0.6751  |   Time    : 0m 18s
[2026-06-06 23:24:54] ----------------------------------------------------------
[2026-06-06 23:24:54] [Epoch 265/600] | Train Loss: 0.6602  |   Time    : 0m 24s
[2026-06-06 23:24:54]   Lr : 0.000240 |  Val Loss : 0.3101  | Val Dice  : 0.7703
[2026-06-06 23:24:54] ==========================================================
[2026-06-06 23:24:54] [WARN] No improvement. Patience: 10/12 ETA: 1h 50m 28s
[2026-06-06 23:24:54] 
[2026-06-06 23:24:54] ==========================================================
[2026-06-06 23:25:12] [Epoch 266/600] | Train Loss: 0.6912  |   Time    : 0m 18s
[2026-06-06 23:25:32] [Epoch 267/600] | Train Loss: 0.6726  |   Time    : 0m 19s
[2026-06-06 23:25:51] [Epoch 268/600] | Train Loss: 0.7070  |   Time    : 0m 19s
[2026-06-06 23:26:10] [Epoch 269/600] | Train Loss: 0.6912  |   Time    : 0m 19s
[2026-06-06 23:26:35] ----------------------------------------------------------
[2026-06-06 23:26:35] [Epoch 270/600] | Train Loss: 0.6765  |   Time    : 0m 25s
[2026-06-06 23:26:35]   Lr : 0.000240 |  Val Loss : 0.3003  | Val Dice  : 0.7782
[2026-06-06 23:26:35] ==========================================================
[2026-06-06 23:26:35] [SAVE] New best record : 77.82% ! Model saved ! ETA 1h 48m 52s
[2026-06-06 23:26:35] 
[2026-06-06 23:26:35] ==========================================================
[2026-06-06 23:26:54] [Epoch 271/600] | Train Loss: 0.6941  |   Time    : 0m 18s
[2026-06-06 23:27:13] [Epoch 272/600] | Train Loss: 0.7159  |   Time    : 0m 18s
[2026-06-06 23:27:31] [Epoch 273/600] | Train Loss: 0.6462  |   Time    : 0m 18s
[2026-06-06 23:27:50] [Epoch 274/600] | Train Loss: 0.7227  |   Time    : 0m 18s
[2026-06-06 23:28:15] ----------------------------------------------------------
[2026-06-06 23:28:15] [Epoch 275/600] | Train Loss: 0.6906  |   Time    : 0m 24s
[2026-06-06 23:28:15]   Lr : 0.000240 |  Val Loss : 0.3015  | Val Dice  : 0.7752
[2026-06-06 23:28:15] ==========================================================
[2026-06-06 23:28:15] [WARN] No improvement. Patience: 1/12 ETA: 1h 47m 13s
[2026-06-06 23:28:15] 
[2026-06-06 23:28:15] ==========================================================
[2026-06-06 23:28:34] [Epoch 276/600] | Train Loss: 0.6412  |   Time    : 0m 18s
[2026-06-06 23:28:52] [Epoch 277/600] | Train Loss: 0.7095  |   Time    : 0m 18s
[2026-06-06 23:29:10] [Epoch 278/600] | Train Loss: 0.7336  |   Time    : 0m 18s
[2026-06-06 23:29:29] [Epoch 279/600] | Train Loss: 0.7437  |   Time    : 0m 18s
[2026-06-06 23:29:54] ----------------------------------------------------------
[2026-06-06 23:29:54] [Epoch 280/600] | Train Loss: 0.6967  |   Time    : 0m 24s
[2026-06-06 23:29:54]   Lr : 0.000240 |  Val Loss : 0.3085  | Val Dice  : 0.7699
[2026-06-06 23:29:54] ==========================================================
[2026-06-06 23:29:54] [WARN] No improvement. Patience: 2/12 ETA: 1h 45m 34s
[2026-06-06 23:29:54] 
[2026-06-06 23:29:54] ==========================================================
[2026-06-06 23:30:13] [Epoch 281/600] | Train Loss: 0.6571  |   Time    : 0m 18s
[2026-06-06 23:30:31] [Epoch 282/600] | Train Loss: 0.7321  |   Time    : 0m 18s
[2026-06-06 23:30:49] [Epoch 283/600] | Train Loss: 0.7063  |   Time    : 0m 18s
[2026-06-06 23:31:08] [Epoch 284/600] | Train Loss: 0.6631  |   Time    : 0m 18s
[2026-06-06 23:31:33] ----------------------------------------------------------
[2026-06-06 23:31:33] [Epoch 285/600] | Train Loss: 0.7192  |   Time    : 0m 24s
[2026-06-06 23:31:33]   Lr : 0.000240 |  Val Loss : 0.3065  | Val Dice  : 0.7707
[2026-06-06 23:31:33] ==========================================================
[2026-06-06 23:31:33] [WARN] No improvement. Patience: 3/12 ETA: 1h 43m 55s
[2026-06-06 23:31:33] 
[2026-06-06 23:31:33] ==========================================================
[2026-06-06 23:31:52] [Epoch 286/600] | Train Loss: 0.6809  |   Time    : 0m 18s
[2026-06-06 23:32:10] [Epoch 287/600] | Train Loss: 0.6665  |   Time    : 0m 18s
[2026-06-06 23:32:29] [Epoch 288/600] | Train Loss: 0.7113  |   Time    : 0m 18s
[2026-06-06 23:32:47] [Epoch 289/600] | Train Loss: 0.6359  |   Time    : 0m 18s
[2026-06-06 23:33:12] ----------------------------------------------------------
[2026-06-06 23:33:12] [Epoch 290/600] | Train Loss: 0.7091  |   Time    : 0m 24s
[2026-06-06 23:33:12]   Lr : 0.000240 |  Val Loss : 0.3043  | Val Dice  : 0.7685
[2026-06-06 23:33:12] ==========================================================
[2026-06-06 23:33:12] [WARN] No improvement. Patience: 4/12 ETA: 1h 42m 15s
[2026-06-06 23:33:12] 
[2026-06-06 23:33:12] ==========================================================
[2026-06-06 23:33:30] [Epoch 291/600] | Train Loss: 0.7317  |   Time    : 0m 18s
[2026-06-06 23:33:49] [Epoch 292/600] | Train Loss: 0.6686  |   Time    : 0m 18s
[2026-06-06 23:34:07] [Epoch 293/600] | Train Loss: 0.6884  |   Time    : 0m 18s
[2026-06-06 23:34:26] [Epoch 294/600] | Train Loss: 0.7037  |   Time    : 0m 18s
[2026-06-06 23:34:50] ----------------------------------------------------------
[2026-06-06 23:34:50] [Epoch 295/600] | Train Loss: 0.7078  |   Time    : 0m 24s
[2026-06-06 23:34:50]   Lr : 0.000240 |  Val Loss : 0.2958  | Val Dice  : 0.7774
[2026-06-06 23:34:50] ==========================================================
[2026-06-06 23:34:50] [WARN] No improvement. Patience: 5/12 ETA: 1h 40m 36s
[2026-06-06 23:34:50] 
[2026-06-06 23:34:50] ==========================================================
[2026-06-06 23:35:09] [Epoch 296/600] | Train Loss: 0.6455  |   Time    : 0m 18s
[2026-06-06 23:35:28] [Epoch 297/600] | Train Loss: 0.6774  |   Time    : 0m 18s
[2026-06-06 23:35:46] [Epoch 298/600] | Train Loss: 0.6754  |   Time    : 0m 18s
[2026-06-06 23:36:05] [Epoch 299/600] | Train Loss: 0.6684  |   Time    : 0m 18s
[2026-06-06 23:36:30] ----------------------------------------------------------
[2026-06-06 23:36:30] [Epoch 300/600] | Train Loss: 0.6853  |   Time    : 0m 24s
[2026-06-06 23:36:30]   Lr : 0.000192 |  Val Loss : 0.3224  | Val Dice  : 0.7545
[2026-06-06 23:36:30] ==========================================================
[2026-06-06 23:36:30] [WARN] No improvement. Patience: 6/12 ETA: 1h 38m 56s
[2026-06-06 23:36:30] 
[2026-06-06 23:36:30] ==========================================================
[2026-06-06 23:36:48] [Epoch 301/600] | Train Loss: 0.6868  |   Time    : 0m 18s
[2026-06-06 23:37:07] [Epoch 302/600] | Train Loss: 0.6368  |   Time    : 0m 18s
[2026-06-06 23:37:26] [Epoch 303/600] | Train Loss: 0.6919  |   Time    : 0m 18s
[2026-06-06 23:37:44] [Epoch 304/600] | Train Loss: 0.6422  |   Time    : 0m 18s
[2026-06-06 23:38:09] ----------------------------------------------------------
[2026-06-06 23:38:09] [Epoch 305/600] | Train Loss: 0.6728  |   Time    : 0m 24s
[2026-06-06 23:38:09]   Lr : 0.000192 |  Val Loss : 0.3098  | Val Dice  : 0.7635
[2026-06-06 23:38:09] ==========================================================
[2026-06-06 23:38:09] [WARN] No improvement. Patience: 7/12 ETA: 1h 37m 17s
[2026-06-06 23:38:09] 
[2026-06-06 23:38:09] ==========================================================
[2026-06-06 23:38:27] [Epoch 306/600] | Train Loss: 0.6581  |   Time    : 0m 18s
[2026-06-06 23:38:46] [Epoch 307/600] | Train Loss: 0.6812  |   Time    : 0m 18s
[2026-06-06 23:39:05] [Epoch 308/600] | Train Loss: 0.6471  |   Time    : 0m 18s
[2026-06-06 23:39:23] [Epoch 309/600] | Train Loss: 0.6367  |   Time    : 0m 18s
[2026-06-06 23:39:48] ----------------------------------------------------------
[2026-06-06 23:39:48] [Epoch 310/600] | Train Loss: 0.6849  |   Time    : 0m 24s
[2026-06-06 23:39:48]   Lr : 0.000192 |  Val Loss : 0.3120  | Val Dice  : 0.7618
[2026-06-06 23:39:48] ==========================================================
[2026-06-06 23:39:48] [WARN] No improvement. Patience: 8/12 ETA: 1h 35m 38s
[2026-06-06 23:39:48] 
[2026-06-06 23:39:48] ==========================================================
[2026-06-06 23:40:06] [Epoch 311/600] | Train Loss: 0.6710  |   Time    : 0m 18s
[2026-06-06 23:40:25] [Epoch 312/600] | Train Loss: 0.6923  |   Time    : 0m 18s
[2026-06-06 23:40:43] [Epoch 313/600] | Train Loss: 0.6652  |   Time    : 0m 18s
[2026-06-06 23:41:01] [Epoch 314/600] | Train Loss: 0.6654  |   Time    : 0m 18s
[2026-06-06 23:41:26] ----------------------------------------------------------
[2026-06-06 23:41:26] [Epoch 315/600] | Train Loss: 0.6633  |   Time    : 0m 24s
[2026-06-06 23:41:26]   Lr : 0.000192 |  Val Loss : 0.2949  | Val Dice  : 0.7800
[2026-06-06 23:41:26] ==========================================================
[2026-06-06 23:41:26] [SAVE] New best record : 78.00% ! Model saved ! ETA 1h 33m 59s
[2026-06-06 23:41:26] 
[2026-06-06 23:41:26] ==========================================================
[2026-06-06 23:41:45] [Epoch 316/600] | Train Loss: 0.7056  |   Time    : 0m 18s
[2026-06-06 23:42:03] [Epoch 317/600] | Train Loss: 0.6395  |   Time    : 0m 18s
[2026-06-06 23:42:21] [Epoch 318/600] | Train Loss: 0.6903  |   Time    : 0m 18s
[2026-06-06 23:42:40] [Epoch 319/600] | Train Loss: 0.7067  |   Time    : 0m 18s
[2026-06-06 23:43:05] ----------------------------------------------------------
[2026-06-06 23:43:05] [Epoch 320/600] | Train Loss: 0.6548  |   Time    : 0m 25s
[2026-06-06 23:43:05]   Lr : 0.000192 |  Val Loss : 0.3043  | Val Dice  : 0.7694
[2026-06-06 23:43:05] ==========================================================
[2026-06-06 23:43:05] [WARN] No improvement. Patience: 1/12 ETA: 1h 32m 19s
[2026-06-06 23:43:05] 
[2026-06-06 23:43:05] ==========================================================
[2026-06-06 23:43:24] [Epoch 321/600] | Train Loss: 0.6800  |   Time    : 0m 18s
[2026-06-06 23:43:42] [Epoch 322/600] | Train Loss: 0.6480  |   Time    : 0m 18s
[2026-06-06 23:44:01] [Epoch 323/600] | Train Loss: 0.6592  |   Time    : 0m 18s
[2026-06-06 23:44:19] [Epoch 324/600] | Train Loss: 0.6647  |   Time    : 0m 18s
[2026-06-06 23:44:44] ----------------------------------------------------------
[2026-06-06 23:44:44] [Epoch 325/600] | Train Loss: 0.6517  |   Time    : 0m 24s
[2026-06-06 23:44:44]   Lr : 0.000192 |  Val Loss : 0.2990  | Val Dice  : 0.7727
[2026-06-06 23:44:44] ==========================================================
[2026-06-06 23:44:44] [WARN] No improvement. Patience: 2/12 ETA: 1h 30m 40s
[2026-06-06 23:44:44] 
[2026-06-06 23:44:44] ==========================================================
[2026-06-06 23:45:03] [Epoch 326/600] | Train Loss: 0.6795  |   Time    : 0m 18s
[2026-06-06 23:45:22] [Epoch 327/600] | Train Loss: 0.6813  |   Time    : 0m 18s
[2026-06-06 23:45:40] [Epoch 328/600] | Train Loss: 0.6565  |   Time    : 0m 18s
[2026-06-06 23:45:59] [Epoch 329/600] | Train Loss: 0.6833  |   Time    : 0m 18s
[2026-06-06 23:46:23] ----------------------------------------------------------
[2026-06-06 23:46:23] [Epoch 330/600] | Train Loss: 0.6598  |   Time    : 0m 24s
[2026-06-06 23:46:23]   Lr : 0.000192 |  Val Loss : 0.2943  | Val Dice  : 0.7767
[2026-06-06 23:46:23] ==========================================================
[2026-06-06 23:46:23] [WARN] No improvement. Patience: 3/12 ETA: 1h 29m 01s
[2026-06-06 23:46:23] 
[2026-06-06 23:46:23] ==========================================================
[2026-06-06 23:46:42] [Epoch 331/600] | Train Loss: 0.7036  |   Time    : 0m 18s
[2026-06-06 23:47:01] [Epoch 332/600] | Train Loss: 0.6584  |   Time    : 0m 18s
[2026-06-06 23:47:19] [Epoch 333/600] | Train Loss: 0.6555  |   Time    : 0m 18s
[2026-06-06 23:47:38] [Epoch 334/600] | Train Loss: 0.6828  |   Time    : 0m 18s
[2026-06-06 23:48:02] ----------------------------------------------------------
[2026-06-06 23:48:02] [Epoch 335/600] | Train Loss: 0.6818  |   Time    : 0m 24s
[2026-06-06 23:48:02]   Lr : 0.000192 |  Val Loss : 0.3000  | Val Dice  : 0.7728
[2026-06-06 23:48:02] ==========================================================
[2026-06-06 23:48:02] [WARN] No improvement. Patience: 4/12 ETA: 1h 27m 22s
[2026-06-06 23:48:02] 
[2026-06-06 23:48:02] ==========================================================
[2026-06-06 23:48:21] [Epoch 336/600] | Train Loss: 0.6713  |   Time    : 0m 18s
[2026-06-06 23:48:39] [Epoch 337/600] | Train Loss: 0.6241  |   Time    : 0m 18s
[2026-06-06 23:48:57] [Epoch 338/600] | Train Loss: 0.6465  |   Time    : 0m 18s
[2026-06-06 23:49:16] [Epoch 339/600] | Train Loss: 0.6687  |   Time    : 0m 18s
[2026-06-06 23:49:41] ----------------------------------------------------------
[2026-06-06 23:49:41] [Epoch 340/600] | Train Loss: 0.6778  |   Time    : 0m 25s
[2026-06-06 23:49:41]   Lr : 0.000192 |  Val Loss : 0.2928  | Val Dice  : 0.7788
[2026-06-06 23:49:41] ==========================================================
[2026-06-06 23:49:41] [WARN] No improvement. Patience: 5/12 ETA: 1h 25m 43s
[2026-06-06 23:49:41] 
[2026-06-06 23:49:41] ==========================================================
[2026-06-06 23:49:59] [Epoch 341/600] | Train Loss: 0.6626  |   Time    : 0m 18s
[2026-06-06 23:50:18] [Epoch 342/600] | Train Loss: 0.6698  |   Time    : 0m 18s
[2026-06-06 23:50:37] [Epoch 343/600] | Train Loss: 0.6883  |   Time    : 0m 18s
[2026-06-06 23:50:56] [Epoch 344/600] | Train Loss: 0.6542  |   Time    : 0m 18s
[2026-06-06 23:51:21] ----------------------------------------------------------
[2026-06-06 23:51:21] [Epoch 345/600] | Train Loss: 0.6524  |   Time    : 0m 24s
[2026-06-06 23:51:21]   Lr : 0.000154 |  Val Loss : 0.3310  | Val Dice  : 0.7483
[2026-06-06 23:51:21] ==========================================================
[2026-06-06 23:51:21] [WARN] No improvement. Patience: 6/12 ETA: 1h 24m 04s
[2026-06-06 23:51:21] 
[2026-06-06 23:51:21] ==========================================================
[2026-06-06 23:51:39] [Epoch 346/600] | Train Loss: 0.6981  |   Time    : 0m 18s
[2026-06-06 23:51:58] [Epoch 347/600] | Train Loss: 0.6766  |   Time    : 0m 18s
[2026-06-06 23:52:16] [Epoch 348/600] | Train Loss: 0.6690  |   Time    : 0m 18s
[2026-06-06 23:52:35] [Epoch 349/600] | Train Loss: 0.6834  |   Time    : 0m 18s
[2026-06-06 23:53:00] ----------------------------------------------------------
[2026-06-06 23:53:00] [Epoch 350/600] | Train Loss: 0.6402  |   Time    : 0m 25s
[2026-06-06 23:53:00]   Lr : 0.000154 |  Val Loss : 0.2968  | Val Dice  : 0.7736
[2026-06-06 23:53:00] ==========================================================
[2026-06-06 23:53:00] [WARN] No improvement. Patience: 7/12 ETA: 1h 22m 25s
[2026-06-06 23:53:00] 
[2026-06-06 23:53:00] ==========================================================
[2026-06-06 23:53:18] [Epoch 351/600] | Train Loss: 0.6687  |   Time    : 0m 18s
[2026-06-06 23:53:37] [Epoch 352/600] | Train Loss: 0.7014  |   Time    : 0m 18s
[2026-06-06 23:53:56] [Epoch 353/600] | Train Loss: 0.6775  |   Time    : 0m 18s
[2026-06-06 23:54:14] [Epoch 354/600] | Train Loss: 0.6592  |   Time    : 0m 18s
[2026-06-06 23:54:39] ----------------------------------------------------------
[2026-06-06 23:54:39] [Epoch 355/600] | Train Loss: 0.6895  |   Time    : 0m 24s
[2026-06-06 23:54:39]   Lr : 0.000154 |  Val Loss : 0.2891  | Val Dice  : 0.7800
[2026-06-06 23:54:39] ==========================================================
[2026-06-06 23:54:39] [WARN] No improvement. Patience: 8/12 ETA: 1h 20m 46s
[2026-06-06 23:54:39] 
[2026-06-06 23:54:39] ==========================================================
[2026-06-06 23:54:58] [Epoch 356/600] | Train Loss: 0.6826  |   Time    : 0m 18s
[2026-06-06 23:55:16] [Epoch 357/600] | Train Loss: 0.6905  |   Time    : 0m 18s
[2026-06-06 23:55:35] [Epoch 358/600] | Train Loss: 0.6505  |   Time    : 0m 18s
[2026-06-06 23:55:53] [Epoch 359/600] | Train Loss: 0.6833  |   Time    : 0m 18s
[2026-06-06 23:56:18] ----------------------------------------------------------
[2026-06-06 23:56:18] [Epoch 360/600] | Train Loss: 0.6820  |   Time    : 0m 24s
[2026-06-06 23:56:18]   Lr : 0.000154 |  Val Loss : 0.2997  | Val Dice  : 0.7711
[2026-06-06 23:56:18] ==========================================================
[2026-06-06 23:56:18] [WARN] No improvement. Patience: 9/12 ETA: 1h 19m 07s
[2026-06-06 23:56:18] 
[2026-06-06 23:56:18] ==========================================================
[2026-06-06 23:56:37] [Epoch 361/600] | Train Loss: 0.6775  |   Time    : 0m 18s
[2026-06-06 23:56:56] [Epoch 362/600] | Train Loss: 0.6540  |   Time    : 0m 18s
[2026-06-06 23:57:14] [Epoch 363/600] | Train Loss: 0.6672  |   Time    : 0m 18s
[2026-06-06 23:57:33] [Epoch 364/600] | Train Loss: 0.6827  |   Time    : 0m 18s
[2026-06-06 23:57:59] ----------------------------------------------------------
[2026-06-06 23:57:59] [Epoch 365/600] | Train Loss: 0.6821  |   Time    : 0m 26s
[2026-06-06 23:57:59]   Lr : 0.000154 |  Val Loss : 0.3021  | Val Dice  : 0.7681
[2026-06-06 23:57:59] ==========================================================
[2026-06-06 23:57:59] [WARN] No improvement. Patience: 10/12 ETA: 1h 17m 29s
[2026-06-06 23:57:59] 
[2026-06-06 23:57:59] ==========================================================
[2026-06-06 23:58:18] [Epoch 366/600] | Train Loss: 0.6973  |   Time    : 0m 18s
[2026-06-06 23:58:36] [Epoch 367/600] | Train Loss: 0.6489  |   Time    : 0m 18s
[2026-06-06 23:58:55] [Epoch 368/600] | Train Loss: 0.6741  |   Time    : 0m 18s
[2026-06-06 23:59:13] [Epoch 369/600] | Train Loss: 0.7032  |   Time    : 0m 18s
[2026-06-06 23:59:38] ----------------------------------------------------------
[2026-06-06 23:59:38] [Epoch 370/600] | Train Loss: 0.6976  |   Time    : 0m 24s
[2026-06-06 23:59:38]   Lr : 0.000154 |  Val Loss : 0.2922  | Val Dice  : 0.7764
[2026-06-06 23:59:38] ==========================================================
[2026-06-06 23:59:38] [WARN] No improvement. Patience: 11/12 ETA: 1h 15m 50s
[2026-06-06 23:59:38] 
[2026-06-06 23:59:38] ==========================================================
[2026-06-06 23:59:57] [Epoch 371/600] | Train Loss: 0.6747  |   Time    : 0m 18s
[2026-06-07 00:00:16] [Epoch 372/600] | Train Loss: 0.6484  |   Time    : 0m 18s
[2026-06-07 00:00:34] [Epoch 373/600] | Train Loss: 0.6922  |   Time    : 0m 18s
[2026-06-07 00:00:53] [Epoch 374/600] | Train Loss: 0.6824  |   Time    : 0m 18s
[2026-06-07 00:01:18] ----------------------------------------------------------
[2026-06-07 00:01:18] [Epoch 375/600] | Train Loss: 0.6575  |   Time    : 0m 24s
[2026-06-07 00:01:18]   Lr : 0.000123 |  Val Loss : 0.3017  | Val Dice  : 0.7686
[2026-06-07 00:01:18] ==========================================================
[2026-06-07 00:01:18] [WARN] No improvement. Patience: 12/12 ETA: 1h 14m 12s
[2026-06-07 00:01:18] 
[2026-06-07 00:01:18] ==========================================================
[2026-06-07 00:01:18] [STOP] Early stopping triggered! Training halted.
[2026-06-07 00:01:18]        Final best Val Dice: 0.7800 | Time: 124m 37s
[2026-06-07 00:01:18] ==========================================================
